"Listen (From the Motion Picture ""Dreamgirls"")","Beyoncé","dance",2006,123,59,48,-5,18,20,"218",27,5,44
"Lose Yourself - From ""8 Mile"" Soundtrack","Eminem","hip hop",2005,171,74,69,-5,36,6,"326",1,26,77
"(I've Had) The Time of My Life - From ""Dirty Dancing"" Soundtrack","Bill Medley","rock",2004,109,78,70,-8,6,39,"289",9,5,70
"Happy - From ""Despicable Me 2""","Pharrell Williams","dance",2014,160,82,65,-5,9,96,"233",22,18,80
"CAN'T STOP THE FEELING Original Song from DreamWorks Animation's ""TROLLS""","Justin Timberlake","dance",2016,113,83,67,-6,10,70,"238",1,7,75
